== body_R
89 => Calculating overhanging perimeters
88 => Generating skirt and brim
90 => Exporting G-code to print_body_R.gcode
Slicing result exported to print_body_R.gcode
; filament used [g] = 106.59
; estimated printing time (normal mode) = 8h 42m 45s
; estimated printing time (silent mode) = 8h 46m 20s
== body_L
89 => Calculating overhanging perimeters
88 => Generating skirt and brim
90 => Exporting G-code to print_body_L.gcode
Slicing result exported to print_body_L.gcode
; filament used [g] = 98.68
; estimated printing time (normal mode) = 8h 7m 4s
; estimated printing time (silent mode) = 8h 10m 19s
== lid
89 => Calculating overhanging perimeters
88 => Generating skirt and brim
90 => Exporting G-code to print_lid.gcode
Slicing result exported to print_lid.gcode
; filament used [g] = 51.09
; estimated printing time (normal mode) = 4h 23m 38s
; estimated printing time (silent mode) = 4h 28m 26s
== bracket
89 => Calculating overhanging perimeters
88 => Generating skirt and brim
90 => Exporting G-code to print_bracket.gcode
Slicing result exported to print_bracket.gcode
; filament used [g] = 118.31
; estimated printing time (normal mode) = 9h 4m 35s
; estimated printing time (silent mode) = 9h 15m 28s
== tray
89 => Calculating overhanging perimeters
88 => Generating skirt and brim
90 => Exporting G-code to print_tray.gcode
Slicing result exported to print_tray.gcode
; filament used [g] = 70.29
; estimated printing time (normal mode) = 6h 33m 19s
; estimated printing time (silent mode) = 6h 35m 26s
